Analysis & Synthesis report for testeVerilog
Thu Apr 21 13:35:10 2022
Quartus II Version 9.1 Build 350 03/24/2010 Service Pack 2 SJ Web Edition


---------------------
; Table of Contents ;
---------------------
  1. Legal Notice
  2. Analysis & Synthesis Summary
  3. Analysis & Synthesis Settings
  4. Parallel Compilation
  5. Analysis & Synthesis Source Files Read
  6. Analysis & Synthesis Resource Usage Summary
  7. Analysis & Synthesis Resource Utilization by Entity
  8. General Register Statistics
  9. Parameter Settings for User Entity Instance: Top-level Entity: |clock
 10. Parameter Settings for Inferred Entity Instance: main:comb_171|lpm_divide:Mod0
 11. Parameter Settings for Inferred Entity Instance: main:comb_171|lpm_divide:Div0
 12. Parameter Settings for Inferred Entity Instance: main:comb_171|lpm_divide:Mod1
 13. Parameter Settings for Inferred Entity Instance: main:comb_171|lpm_divide:Div1
 14. Parameter Settings for Inferred Entity Instance: main:comb_171|lpm_divide:Mod2
 15. Parameter Settings for Inferred Entity Instance: main:comb_171|lpm_divide:Div2
 16. Parameter Settings for Inferred Entity Instance: main:comb_171|lpm_divide:Mod3
 17. Analysis & Synthesis Messages



----------------
; Legal Notice ;
----------------
Copyright (C) 1991-2010 Altera Corporation
Your use of Altera Corporation's design tools, logic functions 
and other software and tools, and its AMPP partner logic 
functions, and any output files from any of the foregoing 
(including device programming or simulation files), and any 
associated documentation or information are expressly subject 
to the terms and conditions of the Altera Program License 
Subscription Agreement, Altera MegaCore Function License 
Agreement, or other applicable license agreement, including, 
without limitation, that your use is for the sole purpose of 
programming logic devices manufactured by Altera and sold by 
Altera or its authorized distributors.  Please refer to the 
applicable agreement for further details.



+-----------------------------------------------------------------------------------+
; Analysis & Synthesis Summary                                                      ;
+------------------------------------+----------------------------------------------+
; Analysis & Synthesis Status        ; Successful - Thu Apr 21 13:35:10 2022        ;
; Quartus II Version                 ; 9.1 Build 350 03/24/2010 SP 2 SJ Web Edition ;
; Revision Name                      ; testeVerilog                                 ;
; Top-level Entity Name              ; clock                                        ;
; Family                             ; Cyclone IV E                                 ;
; Total logic elements               ; 853                                          ;
;     Total combinational functions  ; 853                                          ;
;     Dedicated logic registers      ; 45                                           ;
; Total registers                    ; 45                                           ;
; Total pins                         ; 37                                           ;
; Total virtual pins                 ; 0                                            ;
; Total memory bits                  ; 0                                            ;
; Embedded Multiplier 9-bit elements ; 0                                            ;
; Total PLLs                         ; 0                                            ;
+------------------------------------+----------------------------------------------+


+----------------------------------------------------------------------------------------------------------------------+
; Analysis & Synthesis Settings                                                                                        ;
+----------------------------------------------------------------------------+--------------------+--------------------+
; Option                                                                     ; Setting            ; Default Value      ;
+----------------------------------------------------------------------------+--------------------+--------------------+
; Device                                                                     ; EP4CE115F29C7      ;                    ;
; Top-level entity name                                                      ; clock              ; testeVerilog       ;
; Family name                                                                ; Cyclone IV E       ; Stratix II         ;
; Use Generated Physical Constraints File                                    ; Off                ;                    ;
; Use smart compilation                                                      ; Off                ; Off                ;
; Enable parallel Assembler and TimeQuest Timing Analyzer during compilation ; On                 ; On                 ;
; Enable compact report table                                                ; Off                ; Off                ;
; Restructure Multiplexers                                                   ; Auto               ; Auto               ;
; Create Debugging Nodes for IP Cores                                        ; Off                ; Off                ;
; Preserve fewer node names                                                  ; On                 ; On                 ;
; Disable OpenCore Plus hardware evaluation                                  ; Off                ; Off                ;
; Verilog Version                                                            ; Verilog_2001       ; Verilog_2001       ;
; VHDL Version                                                               ; VHDL_1993          ; VHDL_1993          ;
; State Machine Processing                                                   ; Auto               ; Auto               ;
; Safe State Machine                                                         ; Off                ; Off                ;
; Extract Verilog State Machines                                             ; On                 ; On                 ;
; Extract VHDL State Machines                                                ; On                 ; On                 ;
; Ignore Verilog initial constructs                                          ; Off                ; Off                ;
; Iteration limit for constant Verilog loops                                 ; 5000               ; 5000               ;
; Iteration limit for non-constant Verilog loops                             ; 250                ; 250                ;
; Add Pass-Through Logic to Inferred RAMs                                    ; On                 ; On                 ;
; Parallel Synthesis                                                         ; On                 ; On                 ;
; DSP Block Balancing                                                        ; Auto               ; Auto               ;
; NOT Gate Push-Back                                                         ; On                 ; On                 ;
; Power-Up Don't Care                                                        ; On                 ; On                 ;
; Remove Redundant Logic Cells                                               ; Off                ; Off                ;
; Remove Duplicate Registers                                                 ; On                 ; On                 ;
; Ignore CARRY Buffers                                                       ; Off                ; Off                ;
; Ignore CASCADE Buffers                                                     ; Off                ; Off                ;
; Ignore GLOBAL Buffers                                                      ; Off                ; Off                ;
; Ignore ROW GLOBAL Buffers                                                  ; Off                ; Off                ;
; Ignore LCELL Buffers                                                       ; Off                ; Off                ;
; Ignore SOFT Buffers                                                        ; On                 ; On                 ;
; Limit AHDL Integers to 32 Bits                                             ; Off                ; Off                ;
; Optimization Technique                                                     ; Balanced           ; Balanced           ;
; Carry Chain Length                                                         ; 70                 ; 70                 ;
; Auto Carry Chains                                                          ; On                 ; On                 ;
; Auto Open-Drain Pins                                                       ; On                 ; On                 ;
; Perform WYSIWYG Primitive Resynthesis                                      ; Off                ; Off                ;
; Auto ROM Replacement                                                       ; On                 ; On                 ;
; Auto RAM Replacement                                                       ; On                 ; On                 ;
; Auto DSP Block Replacement                                                 ; On                 ; On                 ;
; Auto Shift Register Replacement                                            ; Auto               ; Auto               ;
; Auto Clock Enable Replacement                                              ; On                 ; On                 ;
; Strict RAM Replacement                                                     ; Off                ; Off                ;
; Allow Synchronous Control Signals                                          ; On                 ; On                 ;
; Force Use of Synchronous Clear Signals                                     ; Off                ; Off                ;
; Auto RAM Block Balancing                                                   ; On                 ; On                 ;
; Auto RAM to Logic Cell Conversion                                          ; Off                ; Off                ;
; Auto Resource Sharing                                                      ; Off                ; Off                ;
; Allow Any RAM Size For Recognition                                         ; Off                ; Off                ;
; Allow Any ROM Size For Recognition                                         ; Off                ; Off                ;
; Allow Any Shift Register Size For Recognition                              ; Off                ; Off                ;
; Use LogicLock Constraints during Resource Balancing                        ; On                 ; On                 ;
; Ignore translate_off and synthesis_off directives                          ; Off                ; Off                ;
; Timing-Driven Synthesis                                                    ; On                 ; On                 ;
; Show Parameter Settings Tables in Synthesis Report                         ; On                 ; On                 ;
; Ignore Maximum Fan-Out Assignments                                         ; Off                ; Off                ;
; Synchronization Register Chain Length                                      ; 2                  ; 2                  ;
; PowerPlay Power Optimization                                               ; Normal compilation ; Normal compilation ;
; HDL message level                                                          ; Level2             ; Level2             ;
; Suppress Register Optimization Related Messages                            ; Off                ; Off                ;
; Number of Removed Registers Reported in Synthesis Report                   ; 5000               ; 5000               ;
; Number of Inverted Registers Reported in Synthesis Report                  ; 100                ; 100                ;
; Clock MUX Protection                                                       ; On                 ; On                 ;
; Auto Gated Clock Conversion                                                ; Off                ; Off                ;
; Block Design Naming                                                        ; Auto               ; Auto               ;
; SDC constraint protection                                                  ; Off                ; Off                ;
; Synthesis Effort                                                           ; Auto               ; Auto               ;
; Shift Register Replacement - Allow Asynchronous Clear Signal               ; On                 ; On                 ;
; Analysis & Synthesis Message Level                                         ; Medium             ; Medium             ;
; Disable Register Merging Across Hierarchies                                ; Auto               ; Auto               ;
; Resource Aware Inference For Block RAM                                     ; On                 ; On                 ;
+----------------------------------------------------------------------------+--------------------+--------------------+


Parallel compilation was disabled, but you have multiple processors available. Enable parallel compilation to reduce compilation time.
+-------------------------------------+
; Parallel Compilation                ;
+----------------------------+--------+
; Processors                 ; Number ;
+----------------------------+--------+
; Number detected on machine ; 4      ;
; Maximum allowed            ; 1      ;
+----------------------------+--------+


+---------------------------------------------------------------------------------------------------------------------------------------------------+
; Analysis & Synthesis Source Files Read                                                                                                            ;
+----------------------------------+-----------------+------------------------------+---------------------------------------------------------------+
; File Name with User-Entered Path ; Used in Netlist ; File Type                    ; File Name with Absolute Path                                  ;
+----------------------------------+-----------------+------------------------------+---------------------------------------------------------------+
; decodificador.v                  ; yes             ; User Verilog HDL File        ; D:/Documents/EC/2°/SD/TesteVerilog/decodificador.v            ;
; main.v                           ; yes             ; User Verilog HDL File        ; D:/Documents/EC/2°/SD/TesteVerilog/main.v                     ;
; clock.v                          ; yes             ; User Verilog HDL File        ; D:/Documents/EC/2°/SD/TesteVerilog/clock.v                    ;
; lpm_divide.tdf                   ; yes             ; Megafunction                 ; d:/quartus/quartus/libraries/megafunctions/lpm_divide.tdf     ;
; db/lpm_divide_3bm.tdf            ; yes             ; Auto-Generated Megafunction  ; D:/Documents/EC/2°/SD/TesteVerilog/db/lpm_divide_3bm.tdf      ;
; db/sign_div_unsign_olh.tdf       ; yes             ; Auto-Generated Megafunction  ; D:/Documents/EC/2°/SD/TesteVerilog/db/sign_div_unsign_olh.tdf ;
; db/alt_u_div_47f.tdf             ; yes             ; Auto-Generated Megafunction  ; D:/Documents/EC/2°/SD/TesteVerilog/db/alt_u_div_47f.tdf       ;
; db/add_sub_7pc.tdf               ; yes             ; Auto-Generated Megafunction  ; D:/Documents/EC/2°/SD/TesteVerilog/db/add_sub_7pc.tdf         ;
; db/add_sub_8pc.tdf               ; yes             ; Auto-Generated Megafunction  ; D:/Documents/EC/2°/SD/TesteVerilog/db/add_sub_8pc.tdf         ;
; db/lpm_divide_0jm.tdf            ; yes             ; Auto-Generated Megafunction  ; D:/Documents/EC/2°/SD/TesteVerilog/db/lpm_divide_0jm.tdf      ;
; db/lpm_divide_3jm.tdf            ; yes             ; Auto-Generated Megafunction  ; D:/Documents/EC/2°/SD/TesteVerilog/db/lpm_divide_3jm.tdf      ;
; db/sign_div_unsign_rlh.tdf       ; yes             ; Auto-Generated Megafunction  ; D:/Documents/EC/2°/SD/TesteVerilog/db/sign_div_unsign_rlh.tdf ;
; db/alt_u_div_a7f.tdf             ; yes             ; Auto-Generated Megafunction  ; D:/Documents/EC/2°/SD/TesteVerilog/db/alt_u_div_a7f.tdf       ;
; db/lpm_divide_dkm.tdf            ; yes             ; Auto-Generated Megafunction  ; D:/Documents/EC/2°/SD/TesteVerilog/db/lpm_divide_dkm.tdf      ;
; db/sign_div_unsign_5nh.tdf       ; yes             ; Auto-Generated Megafunction  ; D:/Documents/EC/2°/SD/TesteVerilog/db/sign_div_unsign_5nh.tdf ;
; db/alt_u_div_u9f.tdf             ; yes             ; Auto-Generated Megafunction  ; D:/Documents/EC/2°/SD/TesteVerilog/db/alt_u_div_u9f.tdf       ;
+----------------------------------+-----------------+------------------------------+---------------------------------------------------------------+


+---------------------------------------------------------+
; Analysis & Synthesis Resource Usage Summary             ;
+---------------------------------------------+-----------+
; Resource                                    ; Usage     ;
+---------------------------------------------+-----------+
; Estimated Total logic elements              ; 853       ;
;                                             ;           ;
; Total combinational functions               ; 853       ;
; Logic element usage by number of LUT inputs ;           ;
;     -- 4 input functions                    ; 167       ;
;     -- 3 input functions                    ; 206       ;
;     -- <=2 input functions                  ; 480       ;
;                                             ;           ;
; Logic elements by mode                      ;           ;
;     -- normal mode                          ; 577       ;
;     -- arithmetic mode                      ; 276       ;
;                                             ;           ;
; Total registers                             ; 45        ;
;     -- Dedicated logic registers            ; 45        ;
;     -- I/O registers                        ; 0         ;
;                                             ;           ;
; I/O pins                                    ; 37        ;
; Maximum fan-out node                        ; clk~input ;
; Maximum fan-out                             ; 45        ;
; Total fan-out                               ; 2294      ;
; Average fan-out                             ; 2.36      ;
+---------------------------------------------+-----------+


+---------------------------------------------------------------------------------------------------------------------------------------------------------------------------------------------------------------------------------------------------------------------------------------------+
; Analysis & Synthesis Resource Utilization by Entity                                                                                                                                                                                                                                         ;
+-------------------------------------------+-------------------+--------------+-------------+--------------+---------+-----------+------+--------------+----------------------------------------------------------------------------------------------------------------------+--------------+
; Compilation Hierarchy Node                ; LC Combinationals ; LC Registers ; Memory Bits ; DSP Elements ; DSP 9x9 ; DSP 18x18 ; Pins ; Virtual Pins ; Full Hierarchy Name                                                                                                  ; Library Name ;
+-------------------------------------------+-------------------+--------------+-------------+--------------+---------+-----------+------+--------------+----------------------------------------------------------------------------------------------------------------------+--------------+
; |clock                                    ; 853 (76)          ; 45 (45)      ; 0           ; 0            ; 0       ; 0         ; 37   ; 0            ; |clock                                                                                                               ; work         ;
;    |main:comb_171|                        ; 777 (0)           ; 0 (0)        ; 0           ; 0            ; 0       ; 0         ; 0    ; 0            ; |clock|main:comb_171                                                                                                 ;              ;
;       |decodificador:dec0|                ; 7 (7)             ; 0 (0)        ; 0           ; 0            ; 0       ; 0         ; 0    ; 0            ; |clock|main:comb_171|decodificador:dec0                                                                              ;              ;
;       |decodificador:dec1|                ; 7 (7)             ; 0 (0)        ; 0           ; 0            ; 0       ; 0         ; 0    ; 0            ; |clock|main:comb_171|decodificador:dec1                                                                              ;              ;
;       |decodificador:dec2|                ; 7 (7)             ; 0 (0)        ; 0           ; 0            ; 0       ; 0         ; 0    ; 0            ; |clock|main:comb_171|decodificador:dec2                                                                              ;              ;
;       |decodificador:dec3|                ; 7 (7)             ; 0 (0)        ; 0           ; 0            ; 0       ; 0         ; 0    ; 0            ; |clock|main:comb_171|decodificador:dec3                                                                              ;              ;
;       |lpm_divide:Div0|                   ; 134 (0)           ; 0 (0)        ; 0           ; 0            ; 0       ; 0         ; 0    ; 0            ; |clock|main:comb_171|lpm_divide:Div0                                                                                 ;              ;
;          |lpm_divide_0jm:auto_generated|  ; 134 (0)           ; 0 (0)        ; 0           ; 0            ; 0       ; 0         ; 0    ; 0            ; |clock|main:comb_171|lpm_divide:Div0|lpm_divide_0jm:auto_generated                                                   ; work         ;
;             |sign_div_unsign_olh:divider| ; 134 (0)           ; 0 (0)        ; 0           ; 0            ; 0       ; 0         ; 0    ; 0            ; |clock|main:comb_171|lpm_divide:Div0|lpm_divide_0jm:auto_generated|sign_div_unsign_olh:divider                       ; work         ;
;                |alt_u_div_47f:divider|    ; 134 (134)         ; 0 (0)        ; 0           ; 0            ; 0       ; 0         ; 0    ; 0            ; |clock|main:comb_171|lpm_divide:Div0|lpm_divide_0jm:auto_generated|sign_div_unsign_olh:divider|alt_u_div_47f:divider ; work         ;
;       |lpm_divide:Div1|                   ; 157 (0)           ; 0 (0)        ; 0           ; 0            ; 0       ; 0         ; 0    ; 0            ; |clock|main:comb_171|lpm_divide:Div1                                                                                 ;              ;
;          |lpm_divide_3jm:auto_generated|  ; 157 (0)           ; 0 (0)        ; 0           ; 0            ; 0       ; 0         ; 0    ; 0            ; |clock|main:comb_171|lpm_divide:Div1|lpm_divide_3jm:auto_generated                                                   ;              ;
;             |sign_div_unsign_rlh:divider| ; 157 (0)           ; 0 (0)        ; 0           ; 0            ; 0       ; 0         ; 0    ; 0            ; |clock|main:comb_171|lpm_divide:Div1|lpm_divide_3jm:auto_generated|sign_div_unsign_rlh:divider                       ;              ;
;                |alt_u_div_a7f:divider|    ; 157 (157)         ; 0 (0)        ; 0           ; 0            ; 0       ; 0         ; 0    ; 0            ; |clock|main:comb_171|lpm_divide:Div1|lpm_divide_3jm:auto_generated|sign_div_unsign_rlh:divider|alt_u_div_a7f:divider ;              ;
;       |lpm_divide:Div2|                   ; 123 (0)           ; 0 (0)        ; 0           ; 0            ; 0       ; 0         ; 0    ; 0            ; |clock|main:comb_171|lpm_divide:Div2                                                                                 ;              ;
;          |lpm_divide_dkm:auto_generated|  ; 123 (0)           ; 0 (0)        ; 0           ; 0            ; 0       ; 0         ; 0    ; 0            ; |clock|main:comb_171|lpm_divide:Div2|lpm_divide_dkm:auto_generated                                                   ;              ;
;             |sign_div_unsign_5nh:divider| ; 123 (0)           ; 0 (0)        ; 0           ; 0            ; 0       ; 0         ; 0    ; 0            ; |clock|main:comb_171|lpm_divide:Div2|lpm_divide_dkm:auto_generated|sign_div_unsign_5nh:divider                       ;              ;
;                |alt_u_div_u9f:divider|    ; 123 (123)         ; 0 (0)        ; 0           ; 0            ; 0       ; 0         ; 0    ; 0            ; |clock|main:comb_171|lpm_divide:Div2|lpm_divide_dkm:auto_generated|sign_div_unsign_5nh:divider|alt_u_div_u9f:divider ;              ;
;       |lpm_divide:Mod0|                   ; 137 (0)           ; 0 (0)        ; 0           ; 0            ; 0       ; 0         ; 0    ; 0            ; |clock|main:comb_171|lpm_divide:Mod0                                                                                 ;              ;
;          |lpm_divide_3bm:auto_generated|  ; 137 (0)           ; 0 (0)        ; 0           ; 0            ; 0       ; 0         ; 0    ; 0            ; |clock|main:comb_171|lpm_divide:Mod0|lpm_divide_3bm:auto_generated                                                   ;              ;
;             |sign_div_unsign_olh:divider| ; 137 (0)           ; 0 (0)        ; 0           ; 0            ; 0       ; 0         ; 0    ; 0            ; |clock|main:comb_171|lpm_divide:Mod0|lpm_divide_3bm:auto_generated|sign_div_unsign_olh:divider                       ; work         ;
;                |alt_u_div_47f:divider|    ; 137 (137)         ; 0 (0)        ; 0           ; 0            ; 0       ; 0         ; 0    ; 0            ; |clock|main:comb_171|lpm_divide:Mod0|lpm_divide_3bm:auto_generated|sign_div_unsign_olh:divider|alt_u_div_47f:divider ; work         ;
;       |lpm_divide:Mod1|                   ; 108 (0)           ; 0 (0)        ; 0           ; 0            ; 0       ; 0         ; 0    ; 0            ; |clock|main:comb_171|lpm_divide:Mod1                                                                                 ;              ;
;          |lpm_divide_3bm:auto_generated|  ; 108 (0)           ; 0 (0)        ; 0           ; 0            ; 0       ; 0         ; 0    ; 0            ; |clock|main:comb_171|lpm_divide:Mod1|lpm_divide_3bm:auto_generated                                                   ;              ;
;             |sign_div_unsign_olh:divider| ; 108 (0)           ; 0 (0)        ; 0           ; 0            ; 0       ; 0         ; 0    ; 0            ; |clock|main:comb_171|lpm_divide:Mod1|lpm_divide_3bm:auto_generated|sign_div_unsign_olh:divider                       ;              ;
;                |alt_u_div_47f:divider|    ; 108 (108)         ; 0 (0)        ; 0           ; 0            ; 0       ; 0         ; 0    ; 0            ; |clock|main:comb_171|lpm_divide:Mod1|lpm_divide_3bm:auto_generated|sign_div_unsign_olh:divider|alt_u_div_47f:divider ;              ;
;       |lpm_divide:Mod2|                   ; 66 (0)            ; 0 (0)        ; 0           ; 0            ; 0       ; 0         ; 0    ; 0            ; |clock|main:comb_171|lpm_divide:Mod2                                                                                 ;              ;
;          |lpm_divide_3bm:auto_generated|  ; 66 (0)            ; 0 (0)        ; 0           ; 0            ; 0       ; 0         ; 0    ; 0            ; |clock|main:comb_171|lpm_divide:Mod2|lpm_divide_3bm:auto_generated                                                   ;              ;
;             |sign_div_unsign_olh:divider| ; 66 (0)            ; 0 (0)        ; 0           ; 0            ; 0       ; 0         ; 0    ; 0            ; |clock|main:comb_171|lpm_divide:Mod2|lpm_divide_3bm:auto_generated|sign_div_unsign_olh:divider                       ;              ;
;                |alt_u_div_47f:divider|    ; 66 (66)           ; 0 (0)        ; 0           ; 0            ; 0       ; 0         ; 0    ; 0            ; |clock|main:comb_171|lpm_divide:Mod2|lpm_divide_3bm:auto_generated|sign_div_unsign_olh:divider|alt_u_div_47f:divider ;              ;
;       |lpm_divide:Mod3|                   ; 24 (0)            ; 0 (0)        ; 0           ; 0            ; 0       ; 0         ; 0    ; 0            ; |clock|main:comb_171|lpm_divide:Mod3                                                                                 ;              ;
;          |lpm_divide_3bm:auto_generated|  ; 24 (0)            ; 0 (0)        ; 0           ; 0            ; 0       ; 0         ; 0    ; 0            ; |clock|main:comb_171|lpm_divide:Mod3|lpm_divide_3bm:auto_generated                                                   ;              ;
;             |sign_div_unsign_olh:divider| ; 24 (0)            ; 0 (0)        ; 0           ; 0            ; 0       ; 0         ; 0    ; 0            ; |clock|main:comb_171|lpm_divide:Mod3|lpm_divide_3bm:auto_generated|sign_div_unsign_olh:divider                       ;              ;
;                |alt_u_div_47f:divider|    ; 24 (24)           ; 0 (0)        ; 0           ; 0            ; 0       ; 0         ; 0    ; 0            ; |clock|main:comb_171|lpm_divide:Mod3|lpm_divide_3bm:auto_generated|sign_div_unsign_olh:divider|alt_u_div_47f:divider ;              ;
+-------------------------------------------+-------------------+--------------+-------------+--------------+---------+-----------+------+--------------+----------------------------------------------------------------------------------------------------------------------+--------------+
Note: For table entries with two numbers listed, the numbers in parentheses indicate the number of resources of the given type used by the specific entity alone. The numbers listed outside of parentheses indicate the total resources of the given type used by the specific entity and all of its sub-entities in the hierarchy.


+------------------------------------------------------+
; General Register Statistics                          ;
+----------------------------------------------+-------+
; Statistic                                    ; Value ;
+----------------------------------------------+-------+
; Total registers                              ; 45    ;
; Number of registers using Synchronous Clear  ; 0     ;
; Number of registers using Synchronous Load   ; 0     ;
; Number of registers using Asynchronous Clear ; 0     ;
; Number of registers using Asynchronous Load  ; 0     ;
; Number of registers using Clock Enable       ; 14    ;
; Number of registers using Preset             ; 0     ;
+----------------------------------------------+-------+


+-----------------------------------------------------------------------+
; Parameter Settings for User Entity Instance: Top-level Entity: |clock ;
+----------------+---------+--------------------------------------------+
; Parameter Name ; Value   ; Type                                       ;
+----------------+---------+--------------------------------------------+
; decsegundo     ; 5000000 ; Signed Integer                             ;
; parado         ; 0       ; Signed Integer                             ;
; contando       ; 1       ; Signed Integer                             ;
; pausado        ; 2       ; Signed Integer                             ;
; reset          ; 3       ; Signed Integer                             ;
+----------------+---------+--------------------------------------------+
Note: In order to hide this table in the UI and the text report file, please set the "Show Parameter Settings Tables in Synthesis Report" option in "Analysis and Synthesis Settings -> More Settings" to "Off".


+--------------------------------------------------------------------------------+
; Parameter Settings for Inferred Entity Instance: main:comb_171|lpm_divide:Mod0 ;
+------------------------+----------------+--------------------------------------+
; Parameter Name         ; Value          ; Type                                 ;
+------------------------+----------------+--------------------------------------+
; LPM_WIDTHN             ; 14             ; Untyped                              ;
; LPM_WIDTHD             ; 4              ; Untyped                              ;
; LPM_NREPRESENTATION    ; UNSIGNED       ; Untyped                              ;
; LPM_DREPRESENTATION    ; UNSIGNED       ; Untyped                              ;
; LPM_PIPELINE           ; 0              ; Untyped                              ;
; LPM_REMAINDERPOSITIVE  ; TRUE           ; Untyped                              ;
; MAXIMIZE_SPEED         ; 5              ; Untyped                              ;
; CBXI_PARAMETER         ; lpm_divide_3bm ; Untyped                              ;
; CARRY_CHAIN            ; MANUAL         ; Untyped                              ;
; OPTIMIZE_FOR_SPEED     ; 5              ; Untyped                              ;
; AUTO_CARRY_CHAINS      ; ON             ; AUTO_CARRY                           ;
; IGNORE_CARRY_BUFFERS   ; OFF            ; IGNORE_CARRY                         ;
; AUTO_CASCADE_CHAINS    ; ON             ; AUTO_CASCADE                         ;
; IGNORE_CASCADE_BUFFERS ; OFF            ; IGNORE_CASCADE                       ;
+------------------------+----------------+--------------------------------------+
Note: In order to hide this table in the UI and the text report file, please set the "Show Parameter Settings Tables in Synthesis Report" option in "Analysis and Synthesis Settings -> More Settings" to "Off".


+--------------------------------------------------------------------------------+
; Parameter Settings for Inferred Entity Instance: main:comb_171|lpm_divide:Div0 ;
+------------------------+----------------+--------------------------------------+
; Parameter Name         ; Value          ; Type                                 ;
+------------------------+----------------+--------------------------------------+
; LPM_WIDTHN             ; 14             ; Untyped                              ;
; LPM_WIDTHD             ; 4              ; Untyped                              ;
; LPM_NREPRESENTATION    ; UNSIGNED       ; Untyped                              ;
; LPM_DREPRESENTATION    ; UNSIGNED       ; Untyped                              ;
; LPM_PIPELINE           ; 0              ; Untyped                              ;
; LPM_REMAINDERPOSITIVE  ; TRUE           ; Untyped                              ;
; MAXIMIZE_SPEED         ; 5              ; Untyped                              ;
; CBXI_PARAMETER         ; lpm_divide_0jm ; Untyped                              ;
; CARRY_CHAIN            ; MANUAL         ; Untyped                              ;
; OPTIMIZE_FOR_SPEED     ; 5              ; Untyped                              ;
; AUTO_CARRY_CHAINS      ; ON             ; AUTO_CARRY                           ;
; IGNORE_CARRY_BUFFERS   ; OFF            ; IGNORE_CARRY                         ;
; AUTO_CASCADE_CHAINS    ; ON             ; AUTO_CASCADE                         ;
; IGNORE_CASCADE_BUFFERS ; OFF            ; IGNORE_CASCADE                       ;
+------------------------+----------------+--------------------------------------+
Note: In order to hide this table in the UI and the text report file, please set the "Show Parameter Settings Tables in Synthesis Report" option in "Analysis and Synthesis Settings -> More Settings" to "Off".


+--------------------------------------------------------------------------------+
; Parameter Settings for Inferred Entity Instance: main:comb_171|lpm_divide:Mod1 ;
+------------------------+----------------+--------------------------------------+
; Parameter Name         ; Value          ; Type                                 ;
+------------------------+----------------+--------------------------------------+
; LPM_WIDTHN             ; 14             ; Untyped                              ;
; LPM_WIDTHD             ; 4              ; Untyped                              ;
; LPM_NREPRESENTATION    ; UNSIGNED       ; Untyped                              ;
; LPM_DREPRESENTATION    ; UNSIGNED       ; Untyped                              ;
; LPM_PIPELINE           ; 0              ; Untyped                              ;
; LPM_REMAINDERPOSITIVE  ; TRUE           ; Untyped                              ;
; MAXIMIZE_SPEED         ; 5              ; Untyped                              ;
; CBXI_PARAMETER         ; lpm_divide_3bm ; Untyped                              ;
; CARRY_CHAIN            ; MANUAL         ; Untyped                              ;
; OPTIMIZE_FOR_SPEED     ; 5              ; Untyped                              ;
; AUTO_CARRY_CHAINS      ; ON             ; AUTO_CARRY                           ;
; IGNORE_CARRY_BUFFERS   ; OFF            ; IGNORE_CARRY                         ;
; AUTO_CASCADE_CHAINS    ; ON             ; AUTO_CASCADE                         ;
; IGNORE_CASCADE_BUFFERS ; OFF            ; IGNORE_CASCADE                       ;
+------------------------+----------------+--------------------------------------+
Note: In order to hide this table in the UI and the text report file, please set the "Show Parameter Settings Tables in Synthesis Report" option in "Analysis and Synthesis Settings -> More Settings" to "Off".


+--------------------------------------------------------------------------------+
; Parameter Settings for Inferred Entity Instance: main:comb_171|lpm_divide:Div1 ;
+------------------------+----------------+--------------------------------------+
; Parameter Name         ; Value          ; Type                                 ;
+------------------------+----------------+--------------------------------------+
; LPM_WIDTHN             ; 14             ; Untyped                              ;
; LPM_WIDTHD             ; 7              ; Untyped                              ;
; LPM_NREPRESENTATION    ; UNSIGNED       ; Untyped                              ;
; LPM_DREPRESENTATION    ; UNSIGNED       ; Untyped                              ;
; LPM_PIPELINE           ; 0              ; Untyped                              ;
; LPM_REMAINDERPOSITIVE  ; TRUE           ; Untyped                              ;
; MAXIMIZE_SPEED         ; 5              ; Untyped                              ;
; CBXI_PARAMETER         ; lpm_divide_3jm ; Untyped                              ;
; CARRY_CHAIN            ; MANUAL         ; Untyped                              ;
; OPTIMIZE_FOR_SPEED     ; 5              ; Untyped                              ;
; AUTO_CARRY_CHAINS      ; ON             ; AUTO_CARRY                           ;
; IGNORE_CARRY_BUFFERS   ; OFF            ; IGNORE_CARRY                         ;
; AUTO_CASCADE_CHAINS    ; ON             ; AUTO_CASCADE                         ;
; IGNORE_CASCADE_BUFFERS ; OFF            ; IGNORE_CASCADE                       ;
+------------------------+----------------+--------------------------------------+
Note: In order to hide this table in the UI and the text report file, please set the "Show Parameter Settings Tables in Synthesis Report" option in "Analysis and Synthesis Settings -> More Settings" to "Off".


+--------------------------------------------------------------------------------+
; Parameter Settings for Inferred Entity Instance: main:comb_171|lpm_divide:Mod2 ;
+------------------------+----------------+--------------------------------------+
; Parameter Name         ; Value          ; Type                                 ;
+------------------------+----------------+--------------------------------------+
; LPM_WIDTHN             ; 14             ; Untyped                              ;
; LPM_WIDTHD             ; 4              ; Untyped                              ;
; LPM_NREPRESENTATION    ; UNSIGNED       ; Untyped                              ;
; LPM_DREPRESENTATION    ; UNSIGNED       ; Untyped                              ;
; LPM_PIPELINE           ; 0              ; Untyped                              ;
; LPM_REMAINDERPOSITIVE  ; TRUE           ; Untyped                              ;
; MAXIMIZE_SPEED         ; 5              ; Untyped                              ;
; CBXI_PARAMETER         ; lpm_divide_3bm ; Untyped                              ;
; CARRY_CHAIN            ; MANUAL         ; Untyped                              ;
; OPTIMIZE_FOR_SPEED     ; 5              ; Untyped                              ;
; AUTO_CARRY_CHAINS      ; ON             ; AUTO_CARRY                           ;
; IGNORE_CARRY_BUFFERS   ; OFF            ; IGNORE_CARRY                         ;
; AUTO_CASCADE_CHAINS    ; ON             ; AUTO_CASCADE                         ;
; IGNORE_CASCADE_BUFFERS ; OFF            ; IGNORE_CASCADE                       ;
+------------------------+----------------+--------------------------------------+
Note: In order to hide this table in the UI and the text report file, please set the "Show Parameter Settings Tables in Synthesis Report" option in "Analysis and Synthesis Settings -> More Settings" to "Off".


+--------------------------------------------------------------------------------+
; Parameter Settings for Inferred Entity Instance: main:comb_171|lpm_divide:Div2 ;
+------------------------+----------------+--------------------------------------+
; Parameter Name         ; Value          ; Type                                 ;
+------------------------+----------------+--------------------------------------+
; LPM_WIDTHN             ; 14             ; Untyped                              ;
; LPM_WIDTHD             ; 10             ; Untyped                              ;
; LPM_NREPRESENTATION    ; UNSIGNED       ; Untyped                              ;
; LPM_DREPRESENTATION    ; UNSIGNED       ; Untyped                              ;
; LPM_PIPELINE           ; 0              ; Untyped                              ;
; LPM_REMAINDERPOSITIVE  ; TRUE           ; Untyped                              ;
; MAXIMIZE_SPEED         ; 5              ; Untyped                              ;
; CBXI_PARAMETER         ; lpm_divide_dkm ; Untyped                              ;
; CARRY_CHAIN            ; MANUAL         ; Untyped                              ;
; OPTIMIZE_FOR_SPEED     ; 5              ; Untyped                              ;
; AUTO_CARRY_CHAINS      ; ON             ; AUTO_CARRY                           ;
; IGNORE_CARRY_BUFFERS   ; OFF            ; IGNORE_CARRY                         ;
; AUTO_CASCADE_CHAINS    ; ON             ; AUTO_CASCADE                         ;
; IGNORE_CASCADE_BUFFERS ; OFF            ; IGNORE_CASCADE                       ;
+------------------------+----------------+--------------------------------------+
Note: In order to hide this table in the UI and the text report file, please set the "Show Parameter Settings Tables in Synthesis Report" option in "Analysis and Synthesis Settings -> More Settings" to "Off".


+--------------------------------------------------------------------------------+
; Parameter Settings for Inferred Entity Instance: main:comb_171|lpm_divide:Mod3 ;
+------------------------+----------------+--------------------------------------+
; Parameter Name         ; Value          ; Type                                 ;
+------------------------+----------------+--------------------------------------+
; LPM_WIDTHN             ; 14             ; Untyped                              ;
; LPM_WIDTHD             ; 4              ; Untyped                              ;
; LPM_NREPRESENTATION    ; UNSIGNED       ; Untyped                              ;
; LPM_DREPRESENTATION    ; UNSIGNED       ; Untyped                              ;
; LPM_PIPELINE           ; 0              ; Untyped                              ;
; LPM_REMAINDERPOSITIVE  ; TRUE           ; Untyped                              ;
; MAXIMIZE_SPEED         ; 5              ; Untyped                              ;
; CBXI_PARAMETER         ; lpm_divide_3bm ; Untyped                              ;
; CARRY_CHAIN            ; MANUAL         ; Untyped                              ;
; OPTIMIZE_FOR_SPEED     ; 5              ; Untyped                              ;
; AUTO_CARRY_CHAINS      ; ON             ; AUTO_CARRY                           ;
; IGNORE_CARRY_BUFFERS   ; OFF            ; IGNORE_CARRY                         ;
; AUTO_CASCADE_CHAINS    ; ON             ; AUTO_CASCADE                         ;
; IGNORE_CASCADE_BUFFERS ; OFF            ; IGNORE_CASCADE                       ;
+------------------------+----------------+--------------------------------------+
Note: In order to hide this table in the UI and the text report file, please set the "Show Parameter Settings Tables in Synthesis Report" option in "Analysis and Synthesis Settings -> More Settings" to "Off".


+-------------------------------+
; Analysis & Synthesis Messages ;
+-------------------------------+
Info: *******************************************************************
Info: Running Quartus II Analysis & Synthesis
    Info: Version 9.1 Build 350 03/24/2010 Service Pack 2 SJ Web Edition
    Info: Processing started: Thu Apr 21 13:35:09 2022
Info: Command: quartus_map --read_settings_files=on --write_settings_files=off testeVerilog -c testeVerilog
Info: Found 1 design units, including 1 entities, in source file mealy_mac.v
    Info: Found entity 1: mealy_mac
Info: Found 1 design units, including 1 entities, in source file decodificador.v
    Info: Found entity 1: decodificador
Info: Found 1 design units, including 1 entities, in source file main.v
    Info: Found entity 1: main
Info: Found 1 design units, including 1 entities, in source file clock.v
    Info: Found entity 1: clock
Critical Warning (10846): Verilog HDL Instantiation warning at clock.v(77): instance has no name
Info: Elaborating entity "clock" for the top level hierarchy
Warning (10036): Verilog HDL or VHDL warning at clock.v(5): object "pressed" assigned a value but never read
Warning (10036): Verilog HDL or VHDL warning at clock.v(12): object "state" assigned a value but never read
Warning (10230): Verilog HDL assignment warning at clock.v(12): truncated value with size 32 to match size of target (2)
Warning (10230): Verilog HDL assignment warning at clock.v(21): truncated value with size 32 to match size of target (14)
Warning (10230): Verilog HDL assignment warning at clock.v(25): truncated value with size 32 to match size of target (31)
Info: Elaborating entity "main" for hierarchy "main:comb_171"
Warning (10235): Verilog HDL Always Construct warning at main.v(10): variable "pausaDis" is read inside the Always Construct but isn't in the Always Construct's Event Control
Warning (10230): Verilog HDL assignment warning at main.v(11): truncated value with size 32 to match size of target (4)
Warning (10230): Verilog HDL assignment warning at main.v(12): truncated value with size 32 to match size of target (4)
Warning (10230): Verilog HDL assignment warning at main.v(13): truncated value with size 32 to match size of target (4)
Warning (10230): Verilog HDL assignment warning at main.v(14): truncated value with size 32 to match size of target (4)
Warning (10240): Verilog HDL Always Construct warning at main.v(9): inferring latch(es) for variable "num0", which holds its previous value in one or more paths through the always construct
Warning (10240): Verilog HDL Always Construct warning at main.v(9): inferring latch(es) for variable "num1", which holds its previous value in one or more paths through the always construct
Warning (10240): Verilog HDL Always Construct warning at main.v(9): inferring latch(es) for variable "num2", which holds its previous value in one or more paths through the always construct
Warning (10240): Verilog HDL Always Construct warning at main.v(9): inferring latch(es) for variable "num3", which holds its previous value in one or more paths through the always construct
Info (10041): Inferred latch for "num3[0]" at main.v(9)
Info (10041): Inferred latch for "num3[1]" at main.v(9)
Info (10041): Inferred latch for "num3[2]" at main.v(9)
Info (10041): Inferred latch for "num3[3]" at main.v(9)
Info (10041): Inferred latch for "num2[0]" at main.v(9)
Info (10041): Inferred latch for "num2[1]" at main.v(9)
Info (10041): Inferred latch for "num2[2]" at main.v(9)
Info (10041): Inferred latch for "num2[3]" at main.v(9)
Info (10041): Inferred latch for "num1[0]" at main.v(9)
Info (10041): Inferred latch for "num1[1]" at main.v(9)
Info (10041): Inferred latch for "num1[2]" at main.v(9)
Info (10041): Inferred latch for "num1[3]" at main.v(9)
Info (10041): Inferred latch for "num0[0]" at main.v(9)
Info (10041): Inferred latch for "num0[1]" at main.v(9)
Info (10041): Inferred latch for "num0[2]" at main.v(9)
Info (10041): Inferred latch for "num0[3]" at main.v(9)
Info: Elaborating entity "decodificador" for hierarchy "main:comb_171|decodificador:dec0"
Warning: LATCH primitive "main:comb_171|num3[1]" is permanently enabled
Warning: LATCH primitive "main:comb_171|num3[2]" is permanently enabled
Warning: LATCH primitive "main:comb_171|num3[3]" is permanently enabled
Warning: LATCH primitive "main:comb_171|num2[0]" is permanently enabled
Warning: LATCH primitive "main:comb_171|num2[1]" is permanently enabled
Warning: LATCH primitive "main:comb_171|num2[2]" is permanently enabled
Warning: LATCH primitive "main:comb_171|num2[3]" is permanently enabled
Warning: LATCH primitive "main:comb_171|num1[0]" is permanently enabled
Warning: LATCH primitive "main:comb_171|num1[1]" is permanently enabled
Warning: LATCH primitive "main:comb_171|num1[2]" is permanently enabled
Warning: LATCH primitive "main:comb_171|num1[3]" is permanently enabled
Warning: LATCH primitive "main:comb_171|num0[0]" is permanently enabled
Warning: LATCH primitive "main:comb_171|num0[1]" is permanently enabled
Warning: LATCH primitive "main:comb_171|num0[2]" is permanently enabled
Warning: LATCH primitive "main:comb_171|num0[3]" is permanently enabled
Warning: LATCH primitive "main:comb_171|num3[0]" is permanently enabled
Info: Inferred 7 megafunctions from design logic
    Info: Inferred divider/modulo megafunction ("lpm_divide") from the following logic: "main:comb_171|Mod0"
    Info: Inferred divider/modulo megafunction ("lpm_divide") from the following logic: "main:comb_171|Div0"
    Info: Inferred divider/modulo megafunction ("lpm_divide") from the following logic: "main:comb_171|Mod1"
    Info: Inferred divider/modulo megafunction ("lpm_divide") from the following logic: "main:comb_171|Div1"
    Info: Inferred divider/modulo megafunction ("lpm_divide") from the following logic: "main:comb_171|Mod2"
    Info: Inferred divider/modulo megafunction ("lpm_divide") from the following logic: "main:comb_171|Div2"
    Info: Inferred divider/modulo megafunction ("lpm_divide") from the following logic: "main:comb_171|Mod3"
Info: Elaborated megafunction instantiation "main:comb_171|lpm_divide:Mod0"
Info: Instantiated megafunction "main:comb_171|lpm_divide:Mod0" with the following parameter:
    Info: Parameter "LPM_WIDTHN" = "14"
    Info: Parameter "LPM_WIDTHD" = "4"
    Info: Parameter "LPM_NREPRESENTATION" = "UNSIGNED"
    Info: Parameter "LPM_DREPRESENTATION" = "UNSIGNED"
Info: Found 1 design units, including 1 entities, in source file db/lpm_divide_3bm.tdf
    Info: Found entity 1: lpm_divide_3bm
Info: Found 1 design units, including 1 entities, in source file db/sign_div_unsign_olh.tdf
    Info: Found entity 1: sign_div_unsign_olh
Info: Found 1 design units, including 1 entities, in source file db/alt_u_div_47f.tdf
    Info: Found entity 1: alt_u_div_47f
Info: Found 1 design units, including 1 entities, in source file db/add_sub_7pc.tdf
    Info: Found entity 1: add_sub_7pc
Info: Found 1 design units, including 1 entities, in source file db/add_sub_8pc.tdf
    Info: Found entity 1: add_sub_8pc
Info: Elaborated megafunction instantiation "main:comb_171|lpm_divide:Div0"
Info: Instantiated megafunction "main:comb_171|lpm_divide:Div0" with the following parameter:
    Info: Parameter "LPM_WIDTHN" = "14"
    Info: Parameter "LPM_WIDTHD" = "4"
    Info: Parameter "LPM_NREPRESENTATION" = "UNSIGNED"
    Info: Parameter "LPM_DREPRESENTATION" = "UNSIGNED"
Info: Found 1 design units, including 1 entities, in source file db/lpm_divide_0jm.tdf
    Info: Found entity 1: lpm_divide_0jm
Info: Elaborated megafunction instantiation "main:comb_171|lpm_divide:Div1"
Info: Instantiated megafunction "main:comb_171|lpm_divide:Div1" with the following parameter:
    Info: Parameter "LPM_WIDTHN" = "14"
    Info: Parameter "LPM_WIDTHD" = "7"
    Info: Parameter "LPM_NREPRESENTATION" = "UNSIGNED"
    Info: Parameter "LPM_DREPRESENTATION" = "UNSIGNED"
Info: Found 1 design units, including 1 entities, in source file db/lpm_divide_3jm.tdf
    Info: Found entity 1: lpm_divide_3jm
Info: Found 1 design units, including 1 entities, in source file db/sign_div_unsign_rlh.tdf
    Info: Found entity 1: sign_div_unsign_rlh
Info: Found 1 design units, including 1 entities, in source file db/alt_u_div_a7f.tdf
    Info: Found entity 1: alt_u_div_a7f
Info: Elaborated megafunction instantiation "main:comb_171|lpm_divide:Div2"
Info: Instantiated megafunction "main:comb_171|lpm_divide:Div2" with the following parameter:
    Info: Parameter "LPM_WIDTHN" = "14"
    Info: Parameter "LPM_WIDTHD" = "10"
    Info: Parameter "LPM_NREPRESENTATION" = "UNSIGNED"
    Info: Parameter "LPM_DREPRESENTATION" = "UNSIGNED"
Info: Found 1 design units, including 1 entities, in source file db/lpm_divide_dkm.tdf
    Info: Found entity 1: lpm_divide_dkm
Info: Found 1 design units, including 1 entities, in source file db/sign_div_unsign_5nh.tdf
    Info: Found entity 1: sign_div_unsign_5nh
Info: Found 1 design units, including 1 entities, in source file db/alt_u_div_u9f.tdf
    Info: Found entity 1: alt_u_div_u9f
Warning: Output pins are stuck at VCC or GND
    Warning (13410): Pin "led[0]" is stuck at GND
    Warning (13410): Pin "led[1]" is stuck at GND
    Warning (13410): Pin "led[2]" is stuck at GND
    Warning (13410): Pin "led[3]" is stuck at VCC
Info: Timing-Driven Synthesis is running
Info: Found the following redundant logic cells in design
    Info (17048): Logic cell "main:comb_171|lpm_divide:Mod1|lpm_divide_3bm:auto_generated|sign_div_unsign_olh:divider|alt_u_div_47f:divider|add_sub_13_result_int[0]~0"
    Info (17048): Logic cell "main:comb_171|lpm_divide:Mod1|lpm_divide_3bm:auto_generated|sign_div_unsign_olh:divider|alt_u_div_47f:divider|add_sub_6_result_int[0]~10"
    Info (17048): Logic cell "main:comb_171|lpm_divide:Mod1|lpm_divide_3bm:auto_generated|sign_div_unsign_olh:divider|alt_u_div_47f:divider|add_sub_7_result_int[0]~10"
    Info (17048): Logic cell "main:comb_171|lpm_divide:Mod1|lpm_divide_3bm:auto_generated|sign_div_unsign_olh:divider|alt_u_div_47f:divider|add_sub_8_result_int[0]~10"
    Info (17048): Logic cell "main:comb_171|lpm_divide:Mod1|lpm_divide_3bm:auto_generated|sign_div_unsign_olh:divider|alt_u_div_47f:divider|add_sub_9_result_int[0]~10"
    Info (17048): Logic cell "main:comb_171|lpm_divide:Mod1|lpm_divide_3bm:auto_generated|sign_div_unsign_olh:divider|alt_u_div_47f:divider|add_sub_10_result_int[0]~10"
    Info (17048): Logic cell "main:comb_171|lpm_divide:Mod1|lpm_divide_3bm:auto_generated|sign_div_unsign_olh:divider|alt_u_div_47f:divider|add_sub_11_result_int[0]~10"
    Info (17048): Logic cell "main:comb_171|lpm_divide:Mod1|lpm_divide_3bm:auto_generated|sign_div_unsign_olh:divider|alt_u_div_47f:divider|add_sub_12_result_int[0]~10"
    Info (17048): Logic cell "main:comb_171|lpm_divide:Mod2|lpm_divide_3bm:auto_generated|sign_div_unsign_olh:divider|alt_u_div_47f:divider|add_sub_13_result_int[0]~0"
    Info (17048): Logic cell "main:comb_171|lpm_divide:Mod2|lpm_divide_3bm:auto_generated|sign_div_unsign_olh:divider|alt_u_div_47f:divider|add_sub_9_result_int[0]~10"
    Info (17048): Logic cell "main:comb_171|lpm_divide:Mod2|lpm_divide_3bm:auto_generated|sign_div_unsign_olh:divider|alt_u_div_47f:divider|add_sub_10_result_int[0]~10"
    Info (17048): Logic cell "main:comb_171|lpm_divide:Mod2|lpm_divide_3bm:auto_generated|sign_div_unsign_olh:divider|alt_u_div_47f:divider|add_sub_11_result_int[0]~10"
    Info (17048): Logic cell "main:comb_171|lpm_divide:Mod2|lpm_divide_3bm:auto_generated|sign_div_unsign_olh:divider|alt_u_div_47f:divider|add_sub_12_result_int[0]~10"
    Info (17048): Logic cell "main:comb_171|lpm_divide:Mod3|lpm_divide_3bm:auto_generated|sign_div_unsign_olh:divider|alt_u_div_47f:divider|add_sub_13_result_int[0]~0"
    Info (17048): Logic cell "main:comb_171|lpm_divide:Mod3|lpm_divide_3bm:auto_generated|sign_div_unsign_olh:divider|alt_u_div_47f:divider|add_sub_12_result_int[0]~10"
Warning: Design contains 4 input pin(s) that do not drive logic
    Warning (15610): No output dependent on input pin "btn[0]"
    Warning (15610): No output dependent on input pin "btn[1]"
    Warning (15610): No output dependent on input pin "btn[2]"
    Warning (15610): No output dependent on input pin "btn[3]"
Info: Implemented 913 device resources after synthesis - the final resource count might be different
    Info: Implemented 5 input pins
    Info: Implemented 32 output pins
    Info: Implemented 876 logic cells
Info: Quartus II Analysis & Synthesis was successful. 0 errors, 41 warnings
    Info: Peak virtual memory: 238 megabytes
    Info: Processing ended: Thu Apr 21 13:35:11 2022
    Info: Elapsed time: 00:00:02
    Info: Total CPU time (on all processors): 00:00:02


