Analysis & Synthesis report for TESTESUM
Mon Mar 28 12:47:54 2022
Quartus II Version 9.1 Build 350 03/24/2010 Service Pack 2 SJ Web Edition


---------------------
; Table of Contents ;
---------------------
  1. Legal Notice
  2. Analysis & Synthesis Summary
  3. Analysis & Synthesis Settings
  4. Parallel Compilation
  5. Analysis & Synthesis Source Files Read
  6. Analysis & Synthesis Resource Usage Summary
  7. Analysis & Synthesis Resource Utilization by Entity
  8. General Register Statistics
  9. Analysis & Synthesis Messages



----------------
; Legal Notice ;
----------------
Copyright (C) 1991-2010 Altera Corporation
Your use of Altera Corporation's design tools, logic functions 
and other software and tools, and its AMPP partner logic 
functions, and any output files from any of the foregoing 
(including device programming or simulation files), and any 
associated documentation or information are expressly subject 
to the terms and conditions of the Altera Program License 
Subscription Agreement, Altera MegaCore Function License 
Agreement, or other applicable license agreement, including, 
without limitation, that your use is for the sole purpose of 
programming logic devices manufactured by Altera and sold by 
Altera or its authorized distributors.  Please refer to the 
applicable agreement for further details.



+-----------------------------------------------------------------------------------+
; Analysis & Synthesis Summary                                                      ;
+------------------------------------+----------------------------------------------+
; Analysis & Synthesis Status        ; Successful - Mon Mar 28 12:47:54 2022        ;
; Quartus II Version                 ; 9.1 Build 350 03/24/2010 SP 2 SJ Web Edition ;
; Revision Name                      ; TESTESUM                                     ;
; Top-level Entity Name              ; TESTESUM                                     ;
; Family                             ; Cyclone IV E                                 ;
; Total logic elements               ; 40                                           ;
;     Total combinational functions  ; 40                                           ;
;     Dedicated logic registers      ; 0                                            ;
; Total registers                    ; 0                                            ;
; Total pins                         ; 30                                           ;
; Total virtual pins                 ; 0                                            ;
; Total memory bits                  ; 0                                            ;
; Embedded Multiplier 9-bit elements ; 0                                            ;
; Total PLLs                         ; 0                                            ;
+------------------------------------+----------------------------------------------+


+----------------------------------------------------------------------------------------------------------------------+
; Analysis & Synthesis Settings                                                                                        ;
+----------------------------------------------------------------------------+--------------------+--------------------+
; Option                                                                     ; Setting            ; Default Value      ;
+----------------------------------------------------------------------------+--------------------+--------------------+
; Device                                                                     ; EP4CE115F29C7      ;                    ;
; Top-level entity name                                                      ; TESTESUM           ; TESTESUM           ;
; Family name                                                                ; Cyclone IV E       ; Stratix II         ;
; Use Generated Physical Constraints File                                    ; Off                ;                    ;
; Use smart compilation                                                      ; Off                ; Off                ;
; Enable parallel Assembler and TimeQuest Timing Analyzer during compilation ; On                 ; On                 ;
; Enable compact report table                                                ; Off                ; Off                ;
; Restructure Multiplexers                                                   ; Auto               ; Auto               ;
; Create Debugging Nodes for IP Cores                                        ; Off                ; Off                ;
; Preserve fewer node names                                                  ; On                 ; On                 ;
; Disable OpenCore Plus hardware evaluation                                  ; Off                ; Off                ;
; Verilog Version                                                            ; Verilog_2001       ; Verilog_2001       ;
; VHDL Version                                                               ; VHDL_1993          ; VHDL_1993          ;
; State Machine Processing                                                   ; Auto               ; Auto               ;
; Safe State Machine                                                         ; Off                ; Off                ;
; Extract Verilog State Machines                                             ; On                 ; On                 ;
; Extract VHDL State Machines                                                ; On                 ; On                 ;
; Ignore Verilog initial constructs                                          ; Off                ; Off                ;
; Iteration limit for constant Verilog loops                                 ; 5000               ; 5000               ;
; Iteration limit for non-constant Verilog loops                             ; 250                ; 250                ;
; Add Pass-Through Logic to Inferred RAMs                                    ; On                 ; On                 ;
; Parallel Synthesis                                                         ; On                 ; On                 ;
; DSP Block Balancing                                                        ; Auto               ; Auto               ;
; NOT Gate Push-Back                                                         ; On                 ; On                 ;
; Power-Up Don't Care                                                        ; On                 ; On                 ;
; Remove Redundant Logic Cells                                               ; Off                ; Off                ;
; Remove Duplicate Registers                                                 ; On                 ; On                 ;
; Ignore CARRY Buffers                                                       ; Off                ; Off                ;
; Ignore CASCADE Buffers                                                     ; Off                ; Off                ;
; Ignore GLOBAL Buffers                                                      ; Off                ; Off                ;
; Ignore ROW GLOBAL Buffers                                                  ; Off                ; Off                ;
; Ignore LCELL Buffers                                                       ; Off                ; Off                ;
; Ignore SOFT Buffers                                                        ; On                 ; On                 ;
; Limit AHDL Integers to 32 Bits                                             ; Off                ; Off                ;
; Optimization Technique                                                     ; Balanced           ; Balanced           ;
; Carry Chain Length                                                         ; 70                 ; 70                 ;
; Auto Carry Chains                                                          ; On                 ; On                 ;
; Auto Open-Drain Pins                                                       ; On                 ; On                 ;
; Perform WYSIWYG Primitive Resynthesis                                      ; Off                ; Off                ;
; Auto ROM Replacement                                                       ; On                 ; On                 ;
; Auto RAM Replacement                                                       ; On                 ; On                 ;
; Auto DSP Block Replacement                                                 ; On                 ; On                 ;
; Auto Shift Register Replacement                                            ; Auto               ; Auto               ;
; Auto Clock Enable Replacement                                              ; On                 ; On                 ;
; Strict RAM Replacement                                                     ; Off                ; Off                ;
; Allow Synchronous Control Signals                                          ; On                 ; On                 ;
; Force Use of Synchronous Clear Signals                                     ; Off                ; Off                ;
; Auto RAM Block Balancing                                                   ; On                 ; On                 ;
; Auto RAM to Logic Cell Conversion                                          ; Off                ; Off                ;
; Auto Resource Sharing                                                      ; Off                ; Off                ;
; Allow Any RAM Size For Recognition                                         ; Off                ; Off                ;
; Allow Any ROM Size For Recognition                                         ; Off                ; Off                ;
; Allow Any Shift Register Size For Recognition                              ; Off                ; Off                ;
; Use LogicLock Constraints during Resource Balancing                        ; On                 ; On                 ;
; Ignore translate_off and synthesis_off directives                          ; Off                ; Off                ;
; Timing-Driven Synthesis                                                    ; On                 ; On                 ;
; Show Parameter Settings Tables in Synthesis Report                         ; On                 ; On                 ;
; Ignore Maximum Fan-Out Assignments                                         ; Off                ; Off                ;
; Synchronization Register Chain Length                                      ; 2                  ; 2                  ;
; PowerPlay Power Optimization                                               ; Normal compilation ; Normal compilation ;
; HDL message level                                                          ; Level2             ; Level2             ;
; Suppress Register Optimization Related Messages                            ; Off                ; Off                ;
; Number of Removed Registers Reported in Synthesis Report                   ; 5000               ; 5000               ;
; Number of Inverted Registers Reported in Synthesis Report                  ; 100                ; 100                ;
; Clock MUX Protection                                                       ; On                 ; On                 ;
; Auto Gated Clock Conversion                                                ; Off                ; Off                ;
; Block Design Naming                                                        ; Auto               ; Auto               ;
; SDC constraint protection                                                  ; Off                ; Off                ;
; Synthesis Effort                                                           ; Auto               ; Auto               ;
; Shift Register Replacement - Allow Asynchronous Clear Signal               ; On                 ; On                 ;
; Analysis & Synthesis Message Level                                         ; Medium             ; Medium             ;
; Disable Register Merging Across Hierarchies                                ; Auto               ; Auto               ;
; Resource Aware Inference For Block RAM                                     ; On                 ; On                 ;
+----------------------------------------------------------------------------+--------------------+--------------------+


Parallel compilation was disabled, but you have multiple processors available. Enable parallel compilation to reduce compilation time.
+-------------------------------------+
; Parallel Compilation                ;
+----------------------------+--------+
; Processors                 ; Number ;
+----------------------------+--------+
; Number detected on machine ; 4      ;
; Maximum allowed            ; 1      ;
+----------------------------+--------+


+---------------------------------------------------------------------------------------------------------------------------------------------------------------------------+
; Analysis & Synthesis Source Files Read                                                                                                                                    ;
+------------------------------------------------+-----------------+------------------------------------+-------------------------------------------------------------------+
; File Name with User-Entered Path               ; Used in Netlist ; File Type                          ; File Name with Absolute Path                                      ;
+------------------------------------------------+-----------------+------------------------------------+-------------------------------------------------------------------+
; ../Projeto 1/IgualMaiorMenor/Comparador.bdf    ; yes             ; User Block Diagram/Schematic File  ; D:/Documents/EC/2°/SD/Projeto 1/IgualMaiorMenor/Comparador.bdf    ;
; ../Projeto 1/IgualMaiorMenor/IgualdadeComp.bdf ; yes             ; User Block Diagram/Schematic File  ; D:/Documents/EC/2°/SD/Projeto 1/IgualMaiorMenor/IgualdadeComp.bdf ;
; ../Projeto 1/IgualMaiorMenor/MaiorQueBit.bdf   ; yes             ; User Block Diagram/Schematic File  ; D:/Documents/EC/2°/SD/Projeto 1/IgualMaiorMenor/MaiorQueBit.bdf   ;
; ../Projeto 1/IgualMaiorMenor/MaiorQueSinal.bdf ; yes             ; User Block Diagram/Schematic File  ; D:/Documents/EC/2°/SD/Projeto 1/IgualMaiorMenor/MaiorQueSinal.bdf ;
; ../Projeto 1/SumESub/ComplementoDeDois.bdf     ; yes             ; User Block Diagram/Schematic File  ; D:/Documents/EC/2°/SD/Projeto 1/SumESub/ComplementoDeDois.bdf     ;
; ../Projeto 1/SumESub/Mux2x1.bdf                ; yes             ; User Block Diagram/Schematic File  ; D:/Documents/EC/2°/SD/Projeto 1/SumESub/Mux2x1.bdf                ;
; ../Projeto 1/SumESub/Mux2x1_6Bits.bdf          ; yes             ; User Block Diagram/Schematic File  ; D:/Documents/EC/2°/SD/Projeto 1/SumESub/Mux2x1_6Bits.bdf          ;
; ../Projeto 1/SumESub/NegNum.bdf                ; yes             ; User Block Diagram/Schematic File  ; D:/Documents/EC/2°/SD/Projeto 1/SumESub/NegNum.bdf                ;
; ../Projeto 1/SumESub/Somador.bdf               ; yes             ; User Block Diagram/Schematic File  ; D:/Documents/EC/2°/SD/Projeto 1/SumESub/Somador.bdf               ;
; ../Projeto 1/SumESub/Somador_e_Subtrator.bdf   ; yes             ; User Block Diagram/Schematic File  ; D:/Documents/EC/2°/SD/Projeto 1/SumESub/Somador_e_Subtrator.bdf   ;
; TESTESUM.bdf                                   ; yes             ; User Block Diagram/Schematic File  ; D:/Documents/EC/2°/SD/TESTE/TESTESUM.bdf                          ;
+------------------------------------------------+-----------------+------------------------------------+-------------------------------------------------------------------+


+----------------------------------------------------------+
; Analysis & Synthesis Resource Usage Summary              ;
+---------------------------------------------+------------+
; Resource                                    ; Usage      ;
+---------------------------------------------+------------+
; Estimated Total logic elements              ; 40         ;
;                                             ;            ;
; Total combinational functions               ; 40         ;
; Logic element usage by number of LUT inputs ;            ;
;     -- 4 input functions                    ; 25         ;
;     -- 3 input functions                    ; 8          ;
;     -- <=2 input functions                  ; 7          ;
;                                             ;            ;
; Logic elements by mode                      ;            ;
;     -- normal mode                          ; 40         ;
;     -- arithmetic mode                      ; 0          ;
;                                             ;            ;
; Total registers                             ; 0          ;
;     -- Dedicated logic registers            ; 0          ;
;     -- I/O registers                        ; 0          ;
;                                             ;            ;
; I/O pins                                    ; 30         ;
; Maximum fan-out node                        ; A[4]~input ;
; Maximum fan-out                             ; 13         ;
; Total fan-out                               ; 185        ;
; Average fan-out                             ; 1.85       ;
+---------------------------------------------+------------+


+---------------------------------------------------------------------------------------------------------------------------------------------------------------------------------------------------------------------------------------------------------+
; Analysis & Synthesis Resource Utilization by Entity                                                                                                                                                                                                     ;
+-------------------------------------+-------------------+--------------+-------------+--------------+---------+-----------+------+--------------+----------------------------------------------------------------------------------------+--------------+
; Compilation Hierarchy Node          ; LC Combinationals ; LC Registers ; Memory Bits ; DSP Elements ; DSP 9x9 ; DSP 18x18 ; Pins ; Virtual Pins ; Full Hierarchy Name                                                                    ; Library Name ;
+-------------------------------------+-------------------+--------------+-------------+--------------+---------+-----------+------+--------------+----------------------------------------------------------------------------------------+--------------+
; |TESTESUM                           ; 40 (1)            ; 0 (0)        ; 0           ; 0            ; 0       ; 0         ; 30   ; 0            ; |TESTESUM                                                                              ; work         ;
;    |Comparador:inst8|               ; 8 (6)             ; 0 (0)        ; 0           ; 0            ; 0       ; 0         ; 0    ; 0            ; |TESTESUM|Comparador:inst8                                                             ; work         ;
;       |MaiorQueBit:inst3|           ; 2 (2)             ; 0 (0)        ; 0           ; 0            ; 0       ; 0         ; 0    ; 0            ; |TESTESUM|Comparador:inst8|MaiorQueBit:inst3                                           ; work         ;
;    |Mux2x1:inst6|                   ; 1 (1)             ; 0 (0)        ; 0           ; 0            ; 0       ; 0         ; 0    ; 0            ; |TESTESUM|Mux2x1:inst6                                                                 ; work         ;
;    |NegNum:inst3|                   ; 4 (0)             ; 0 (0)        ; 0           ; 0            ; 0       ; 0         ; 0    ; 0            ; |TESTESUM|NegNum:inst3                                                                 ; work         ;
;       |ComplementoDeDois:inst1|     ; 1 (0)             ; 0 (0)        ; 0           ; 0            ; 0       ; 0         ; 0    ; 0            ; |TESTESUM|NegNum:inst3|ComplementoDeDois:inst1                                         ; work         ;
;          |Somador_e_Subtrator:inst| ; 1 (0)             ; 0 (0)        ; 0           ; 0            ; 0       ; 0         ; 0    ; 0            ; |TESTESUM|NegNum:inst3|ComplementoDeDois:inst1|Somador_e_Subtrator:inst                ; work         ;
;             |Somador:inst12|        ; 1 (1)             ; 0 (0)        ; 0           ; 0            ; 0       ; 0         ; 0    ; 0            ; |TESTESUM|NegNum:inst3|ComplementoDeDois:inst1|Somador_e_Subtrator:inst|Somador:inst12 ; work         ;
;       |Mux2x1_6Bits:inst|           ; 3 (0)             ; 0 (0)        ; 0           ; 0            ; 0       ; 0         ; 0    ; 0            ; |TESTESUM|NegNum:inst3|Mux2x1_6Bits:inst                                               ; work         ;
;          |Mux2x1:inst7|             ; 1 (1)             ; 0 (0)        ; 0           ; 0            ; 0       ; 0         ; 0    ; 0            ; |TESTESUM|NegNum:inst3|Mux2x1_6Bits:inst|Mux2x1:inst7                                  ; work         ;
;          |Mux2x1:inst8|             ; 1 (1)             ; 0 (0)        ; 0           ; 0            ; 0       ; 0         ; 0    ; 0            ; |TESTESUM|NegNum:inst3|Mux2x1_6Bits:inst|Mux2x1:inst8                                  ; work         ;
;          |Mux2x1:inst9|             ; 1 (1)             ; 0 (0)        ; 0           ; 0            ; 0       ; 0         ; 0    ; 0            ; |TESTESUM|NegNum:inst3|Mux2x1_6Bits:inst|Mux2x1:inst9                                  ; work         ;
;    |NegNum:inst5|                   ; 5 (0)             ; 0 (0)        ; 0           ; 0            ; 0       ; 0         ; 0    ; 0            ; |TESTESUM|NegNum:inst5                                                                 ;              ;
;       |ComplementoDeDois:inst1|     ; 1 (0)             ; 0 (0)        ; 0           ; 0            ; 0       ; 0         ; 0    ; 0            ; |TESTESUM|NegNum:inst5|ComplementoDeDois:inst1                                         ; work         ;
;          |Somador_e_Subtrator:inst| ; 1 (0)             ; 0 (0)        ; 0           ; 0            ; 0       ; 0         ; 0    ; 0            ; |TESTESUM|NegNum:inst5|ComplementoDeDois:inst1|Somador_e_Subtrator:inst                ; work         ;
;             |Somador:inst10|        ; 1 (1)             ; 0 (0)        ; 0           ; 0            ; 0       ; 0         ; 0    ; 0            ; |TESTESUM|NegNum:inst5|ComplementoDeDois:inst1|Somador_e_Subtrator:inst|Somador:inst10 ; work         ;
;       |Mux2x1_6Bits:inst|           ; 4 (0)             ; 0 (0)        ; 0           ; 0            ; 0       ; 0         ; 0    ; 0            ; |TESTESUM|NegNum:inst5|Mux2x1_6Bits:inst                                               ; work         ;
;          |Mux2x1:inst11|            ; 1 (1)             ; 0 (0)        ; 0           ; 0            ; 0       ; 0         ; 0    ; 0            ; |TESTESUM|NegNum:inst5|Mux2x1_6Bits:inst|Mux2x1:inst11                                 ; work         ;
;          |Mux2x1:inst7|             ; 1 (1)             ; 0 (0)        ; 0           ; 0            ; 0       ; 0         ; 0    ; 0            ; |TESTESUM|NegNum:inst5|Mux2x1_6Bits:inst|Mux2x1:inst7                                  ; work         ;
;          |Mux2x1:inst8|             ; 1 (1)             ; 0 (0)        ; 0           ; 0            ; 0       ; 0         ; 0    ; 0            ; |TESTESUM|NegNum:inst5|Mux2x1_6Bits:inst|Mux2x1:inst8                                  ; work         ;
;          |Mux2x1:inst9|             ; 1 (1)             ; 0 (0)        ; 0           ; 0            ; 0       ; 0         ; 0    ; 0            ; |TESTESUM|NegNum:inst5|Mux2x1_6Bits:inst|Mux2x1:inst9                                  ; work         ;
;    |NegNum:inst|                    ; 10 (0)            ; 0 (0)        ; 0           ; 0            ; 0       ; 0         ; 0    ; 0            ; |TESTESUM|NegNum:inst                                                                  ; work         ;
;       |ComplementoDeDois:inst1|     ; 1 (0)             ; 0 (0)        ; 0           ; 0            ; 0       ; 0         ; 0    ; 0            ; |TESTESUM|NegNum:inst|ComplementoDeDois:inst1                                          ; work         ;
;          |Somador_e_Subtrator:inst| ; 1 (0)             ; 0 (0)        ; 0           ; 0            ; 0       ; 0         ; 0    ; 0            ; |TESTESUM|NegNum:inst|ComplementoDeDois:inst1|Somador_e_Subtrator:inst                 ; work         ;
;             |Somador:inst12|        ; 1 (1)             ; 0 (0)        ; 0           ; 0            ; 0       ; 0         ; 0    ; 0            ; |TESTESUM|NegNum:inst|ComplementoDeDois:inst1|Somador_e_Subtrator:inst|Somador:inst12  ; work         ;
;       |Mux2x1_6Bits:inst|           ; 9 (0)             ; 0 (0)        ; 0           ; 0            ; 0       ; 0         ; 0    ; 0            ; |TESTESUM|NegNum:inst|Mux2x1_6Bits:inst                                                ; work         ;
;          |Mux2x1:inst7|             ; 3 (3)             ; 0 (0)        ; 0           ; 0            ; 0       ; 0         ; 0    ; 0            ; |TESTESUM|NegNum:inst|Mux2x1_6Bits:inst|Mux2x1:inst7                                   ; work         ;
;          |Mux2x1:inst8|             ; 3 (3)             ; 0 (0)        ; 0           ; 0            ; 0       ; 0         ; 0    ; 0            ; |TESTESUM|NegNum:inst|Mux2x1_6Bits:inst|Mux2x1:inst8                                   ; work         ;
;          |Mux2x1:inst9|             ; 3 (3)             ; 0 (0)        ; 0           ; 0            ; 0       ; 0         ; 0    ; 0            ; |TESTESUM|NegNum:inst|Mux2x1_6Bits:inst|Mux2x1:inst9                                   ; work         ;
;    |Somador_e_Subtrator:inst2|      ; 11 (3)            ; 0 (0)        ; 0           ; 0            ; 0       ; 0         ; 0    ; 0            ; |TESTESUM|Somador_e_Subtrator:inst2                                                    ; work         ;
;       |Somador:inst10|              ; 2 (2)             ; 0 (0)        ; 0           ; 0            ; 0       ; 0         ; 0    ; 0            ; |TESTESUM|Somador_e_Subtrator:inst2|Somador:inst10                                     ; work         ;
;       |Somador:inst12|              ; 2 (2)             ; 0 (0)        ; 0           ; 0            ; 0       ; 0         ; 0    ; 0            ; |TESTESUM|Somador_e_Subtrator:inst2|Somador:inst12                                     ; work         ;
;       |Somador:inst8|               ; 2 (2)             ; 0 (0)        ; 0           ; 0            ; 0       ; 0         ; 0    ; 0            ; |TESTESUM|Somador_e_Subtrator:inst2|Somador:inst8                                      ; work         ;
;       |Somador:inst|                ; 2 (2)             ; 0 (0)        ; 0           ; 0            ; 0       ; 0         ; 0    ; 0            ; |TESTESUM|Somador_e_Subtrator:inst2|Somador:inst                                       ; work         ;
+-------------------------------------+-------------------+--------------+-------------+--------------+---------+-----------+------+--------------+----------------------------------------------------------------------------------------+--------------+
Note: For table entries with two numbers listed, the numbers in parentheses indicate the number of resources of the given type used by the specific entity alone. The numbers listed outside of parentheses indicate the total resources of the given type used by the specific entity and all of its sub-entities in the hierarchy.


+------------------------------------------------------+
; General Register Statistics                          ;
+----------------------------------------------+-------+
; Statistic                                    ; Value ;
+----------------------------------------------+-------+
; Total registers                              ; 0     ;
; Number of registers using Synchronous Clear  ; 0     ;
; Number of registers using Synchronous Load   ; 0     ;
; Number of registers using Asynchronous Clear ; 0     ;
; Number of registers using Asynchronous Load  ; 0     ;
; Number of registers using Clock Enable       ; 0     ;
; Number of registers using Preset             ; 0     ;
+----------------------------------------------+-------+


+-------------------------------+
; Analysis & Synthesis Messages ;
+-------------------------------+
Info: *******************************************************************
Info: Running Quartus II Analysis & Synthesis
    Info: Version 9.1 Build 350 03/24/2010 Service Pack 2 SJ Web Edition
    Info: Processing started: Mon Mar 28 12:47:52 2022
Info: Command: quartus_map --read_settings_files=on --write_settings_files=off TESTESUM -c TESTESUM
Info: Found 1 design units, including 1 entities, in source file /documents/ec/2°/sd/projeto 1/igualmaiormenor/comparador.bdf
    Info: Found entity 1: Comparador
Info: Found 1 design units, including 1 entities, in source file /documents/ec/2°/sd/projeto 1/igualmaiormenor/igualdade.bdf
    Info: Found entity 1: Igualdade
Info: Found 1 design units, including 1 entities, in source file /documents/ec/2°/sd/projeto 1/igualmaiormenor/igualdadecomp.bdf
    Info: Found entity 1: IgualdadeComp
Info: Found 1 design units, including 1 entities, in source file /documents/ec/2°/sd/projeto 1/igualmaiormenor/maiorquebit.bdf
    Info: Found entity 1: MaiorQueBit
Info: Found 1 design units, including 1 entities, in source file /documents/ec/2°/sd/projeto 1/igualmaiormenor/maiorquesinal.bdf
    Info: Found entity 1: MaiorQueSinal
Info: Found 1 design units, including 1 entities, in source file /documents/ec/2°/sd/projeto 1/igualmaiormenor/menorque.bdf
    Info: Found entity 1: MenorQue
Info: Found 1 design units, including 1 entities, in source file /documents/ec/2°/sd/projeto 1/sumesub/complementodedois.bdf
    Info: Found entity 1: ComplementoDeDois
Info: Found 1 design units, including 1 entities, in source file /documents/ec/2°/sd/projeto 1/sumesub/mux2x1.bdf
    Info: Found entity 1: Mux2x1
Info: Found 1 design units, including 1 entities, in source file /documents/ec/2°/sd/projeto 1/sumesub/mux2x1_6bits.bdf
    Info: Found entity 1: Mux2x1_6Bits
Info: Found 1 design units, including 1 entities, in source file /documents/ec/2°/sd/projeto 1/sumesub/negnum.bdf
    Info: Found entity 1: NegNum
Info: Found 1 design units, including 1 entities, in source file /documents/ec/2°/sd/projeto 1/sumesub/somador.bdf
    Info: Found entity 1: Somador
Info: Found 1 design units, including 1 entities, in source file /documents/ec/2°/sd/projeto 1/sumesub/somador_e_subtrator.bdf
    Info: Found entity 1: Somador_e_Subtrator
Info: Found 1 design units, including 1 entities, in source file /documents/ec/2°/sd/projeto 1/sumesub/sumesub.bdf
    Info: Found entity 1: SumESub
Info: Found 1 design units, including 1 entities, in source file /documents/ec/2°/sd/projeto 1/sumesub/teste.bdf
    Info: Found entity 1: teste
Info: Found 1 design units, including 1 entities, in source file testesum.bdf
    Info: Found entity 1: TESTESUM
Info: Elaborating entity "TESTESUM" for the top level hierarchy
Info: Elaborating entity "NegNum" for hierarchy "NegNum:inst5"
Info: Elaborating entity "Mux2x1_6Bits" for hierarchy "NegNum:inst5|Mux2x1_6Bits:inst"
Info: Elaborating entity "Mux2x1" for hierarchy "NegNum:inst5|Mux2x1_6Bits:inst|Mux2x1:inst6"
Info: Elaborating entity "ComplementoDeDois" for hierarchy "NegNum:inst5|ComplementoDeDois:inst1"
Info: Elaborating entity "Somador" for hierarchy "NegNum:inst5|ComplementoDeDois:inst1|Somador:inst5"
Info: Elaborating entity "Somador_e_Subtrator" for hierarchy "NegNum:inst5|ComplementoDeDois:inst1|Somador_e_Subtrator:inst"
Info: Elaborating entity "Comparador" for hierarchy "Comparador:inst8"
Info: Elaborating entity "MaiorQueSinal" for hierarchy "Comparador:inst8|MaiorQueSinal:inst"
Info: Elaborating entity "MaiorQueBit" for hierarchy "Comparador:inst8|MaiorQueBit:inst4"
Info: Elaborating entity "IgualdadeComp" for hierarchy "Comparador:inst8|IgualdadeComp:inst5"
Warning: Output pins are stuck at VCC or GND
    Warning (13410): Pin "S3[5]" is stuck at GND
    Warning (13410): Pin "S4[4]" is stuck at GND
Info: Timing-Driven Synthesis is running
Info: Implemented 70 device resources after synthesis - the final resource count might be different
    Info: Implemented 11 input pins
    Info: Implemented 19 output pins
    Info: Implemented 40 logic cells
Info: Quartus II Analysis & Synthesis was successful. 0 errors, 3 warnings
    Info: Peak virtual memory: 225 megabytes
    Info: Processing ended: Mon Mar 28 12:47:54 2022
    Info: Elapsed time: 00:00:02
    Info: Total CPU time (on all processors): 00:00:02


